#select
| AddressOfNullCheck.c:17:9:17:10 | & ... | Taking the address of $@ always produces a non-NULL pointer, but it is checked $@. | AddressOfNullCheck.c:17:10:17:10 | x | this operand | AddressOfNullCheck.c:17:9:17:10 | & ... | here |
| AddressOfNullCheck.c:18:9:18:10 | & ... | Taking the address of $@ always produces a non-NULL pointer, but it is checked $@. | AddressOfNullCheck.c:18:10:18:10 | x | this operand | AddressOfNullCheck.c:18:9:18:10 | & ... | here |
| AddressOfNullCheck.c:19:17:19:18 | & ... | Taking the address of $@ always produces a non-NULL pointer, but it is checked $@. | AddressOfNullCheck.c:19:18:19:18 | x | this operand | AddressOfNullCheck.c:19:17:19:18 | & ... | here |
| AddressOfNullCheck.c:20:14:20:15 | & ... | Taking the address of $@ always produces a non-NULL pointer, but it is checked $@. | AddressOfNullCheck.c:20:15:20:15 | x | this operand | AddressOfNullCheck.c:20:14:20:15 | & ... | here |
| AddressOfNullCheck.c:28:9:28:10 | & ... | Taking the address of $@ always produces a non-NULL pointer, but it is checked $@. | AddressOfNullCheck.c:28:10:28:10 | x | this operand | AddressOfNullCheck.c:28:9:28:10 | & ... | here |
| AddressOfNullCheck.c:28:9:28:10 | & ... | Taking the address of $@ always produces a non-NULL pointer, but it is checked $@. | AddressOfNullCheck.c:28:10:28:10 | x | this operand | AddressOfNullCheck.c:28:9:28:10 | & ... | here |
| AddressOfNullCheck.c:29:10:29:11 | & ... | Taking the address of $@ always produces a non-NULL pointer, but it is checked $@. | AddressOfNullCheck.c:29:11:29:11 | x | this operand | AddressOfNullCheck.c:29:10:29:11 | & ... | here |
| AddressOfNullCheck.c:38:9:38:9 | p | Taking the address of $@ always produces a non-NULL pointer, but it is checked $@. | AddressOfNullCheck.c:37:10:37:10 | x | this operand | AddressOfNullCheck.c:38:9:38:9 | p | here |
| AddressOfNullCheck.c:45:9:45:9 | q | Taking the address of $@ always produces a non-NULL pointer, but it is checked $@. | AddressOfNullCheck.c:44:15:44:15 | x | this operand | AddressOfNullCheck.c:45:9:45:9 | q | here |
| AddressOfNullCheck.c:55:9:55:12 | & ... | Taking the address of $@ always produces a non-NULL pointer, but it is checked $@. | AddressOfNullCheck.c:55:12:55:12 | a | this operand | AddressOfNullCheck.c:55:9:55:12 | & ... | here |
| AddressOfNullCheck.c:56:9:56:12 | & ... | Taking the address of $@ always produces a non-NULL pointer, but it is checked $@. | AddressOfNullCheck.c:56:12:56:12 | b | this operand | AddressOfNullCheck.c:56:9:56:12 | & ... | here |
| AddressOfNullCheck.c:59:9:59:10 | pa | Taking the address of $@ always produces a non-NULL pointer, but it is checked $@. | AddressOfNullCheck.c:58:13:58:13 | a | this operand | AddressOfNullCheck.c:59:9:59:10 | pa | here |
| AddressOfNullCheck.c:62:9:62:10 | pb | Taking the address of $@ always produces a non-NULL pointer, but it is checked $@. | AddressOfNullCheck.c:61:13:61:13 | b | this operand | AddressOfNullCheck.c:62:9:62:10 | pb | here |
| AddressOfNullCheck.c:71:9:71:15 | & ... | Taking the address of $@ always produces a non-NULL pointer, but it is checked $@. | AddressOfNullCheck.c:71:10:71:15 | access to array | this operand | AddressOfNullCheck.c:71:9:71:15 | & ... | here |
| AddressOfNullCheck.c:72:9:72:15 | & ... | Taking the address of $@ always produces a non-NULL pointer, but it is checked $@. | AddressOfNullCheck.c:72:10:72:15 | access to array | this operand | AddressOfNullCheck.c:72:9:72:15 | & ... | here |
| AddressOfNullCheck.c:75:9:75:9 | p | Taking the address of $@ always produces a non-NULL pointer, but it is checked $@. | AddressOfNullCheck.c:74:10:74:15 | access to array | this operand | AddressOfNullCheck.c:75:9:75:9 | p | here |
| AddressOfNullCheck.c:87:9:87:19 | & ... | Taking the address of $@ always produces a non-NULL pointer, but it is checked $@. | AddressOfNullCheck.c:87:10:87:19 | global_var | this operand | AddressOfNullCheck.c:87:9:87:19 | & ... | here |
| AddressOfNullCheck.c:87:9:87:19 | & ... | Taking the address of $@ always produces a non-NULL pointer, but it is checked $@. | AddressOfNullCheck.c:87:10:87:19 | global_var | this operand | AddressOfNullCheck.c:87:9:87:19 | & ... | here |
| AddressOfNullCheck.c:90:9:90:18 | & ... | Taking the address of $@ always produces a non-NULL pointer, but it is checked $@. | AddressOfNullCheck.c:90:10:90:18 | local_var | this operand | AddressOfNullCheck.c:90:9:90:18 | & ... | here |
| AddressOfNullCheck.c:91:9:91:18 | & ... | Taking the address of $@ always produces a non-NULL pointer, but it is checked $@. | AddressOfNullCheck.c:91:10:91:18 | local_var | this operand | AddressOfNullCheck.c:91:9:91:18 | & ... | here |
| AddressOfNullCheck.c:92:9:92:18 | & ... | Taking the address of $@ always produces a non-NULL pointer, but it is checked $@. | AddressOfNullCheck.c:92:10:92:18 | local_var | this operand | AddressOfNullCheck.c:92:9:92:18 | & ... | here |
| AddressOfNullCheck.c:92:9:92:18 | & ... | Taking the address of $@ always produces a non-NULL pointer, but it is checked $@. | AddressOfNullCheck.c:92:10:92:18 | local_var | this operand | AddressOfNullCheck.c:92:9:92:18 | & ... | here |
| AddressOfNullCheck.c:93:10:93:19 | & ... | Taking the address of $@ always produces a non-NULL pointer, but it is checked $@. | AddressOfNullCheck.c:93:11:93:19 | local_var | this operand | AddressOfNullCheck.c:93:10:93:19 | & ... | here |
| AddressOfNullCheck.c:95:9:95:18 | & ... | Taking the address of $@ always produces a non-NULL pointer, but it is checked $@. | AddressOfNullCheck.c:95:10:95:18 | param_var | this operand | AddressOfNullCheck.c:95:9:95:18 | & ... | here |
| AddressOfNullCheck.c:96:9:96:18 | & ... | Taking the address of $@ always produces a non-NULL pointer, but it is checked $@. | AddressOfNullCheck.c:96:10:96:18 | param_var | this operand | AddressOfNullCheck.c:96:9:96:18 | & ... | here |
| AddressOfNullCheck.c:97:9:97:18 | & ... | Taking the address of $@ always produces a non-NULL pointer, but it is checked $@. | AddressOfNullCheck.c:97:10:97:18 | param_var | this operand | AddressOfNullCheck.c:97:9:97:18 | & ... | here |
| AddressOfNullCheck.c:97:9:97:18 | & ... | Taking the address of $@ always produces a non-NULL pointer, but it is checked $@. | AddressOfNullCheck.c:97:10:97:18 | param_var | this operand | AddressOfNullCheck.c:97:9:97:18 | & ... | here |
| AddressOfNullCheck.c:98:10:98:19 | & ... | Taking the address of $@ always produces a non-NULL pointer, but it is checked $@. | AddressOfNullCheck.c:98:11:98:19 | param_var | this operand | AddressOfNullCheck.c:98:10:98:19 | & ... | here |
| AddressOfNullCheck.c:100:9:100:9 | p | Taking the address of $@ always produces a non-NULL pointer, but it is checked $@. | AddressOfNullCheck.c:99:10:99:19 | global_var | this operand | AddressOfNullCheck.c:100:9:100:9 | p | here |
| AddressOfNullCheck.c:109:9:109:14 | & ... | Taking the address of $@ always produces a non-NULL pointer, but it is checked $@. | AddressOfNullCheck.c:109:10:109:14 | param | this operand | AddressOfNullCheck.c:109:9:109:14 | & ... | here |
| AddressOfNullCheck.c:111:9:111:9 | p | Taking the address of $@ always produces a non-NULL pointer, but it is checked $@. | AddressOfNullCheck.c:110:10:110:14 | param | this operand | AddressOfNullCheck.c:111:9:111:9 | p | here |
| AddressOfNullCheck.c:114:9:114:21 | & ... | Taking the address of $@ always produces a non-NULL pointer, but it is checked $@. | AddressOfNullCheck.c:114:10:114:21 | access to array | this operand | AddressOfNullCheck.c:114:9:114:21 | & ... | here |
| AddressOfNullCheck.c:170:9:170:9 | p | Taking the address of $@ always produces a non-NULL pointer, but it is checked $@. | AddressOfNullCheck.c:168:15:168:15 | x | this operand | AddressOfNullCheck.c:170:9:170:9 | p | here |
| AddressOfNullCheck.c:178:18:178:18 | p | Taking the address of $@ always produces a non-NULL pointer, but it is checked $@. | AddressOfNullCheck.c:176:15:176:15 | x | this operand | AddressOfNullCheck.c:178:18:178:18 | p | here |
testFailures
| AddressOfNullCheck.c:85:38:85:56 | // $ Missing: Alert | Missing result: Alert |
| AddressOfNullCheck.c:86:38:86:56 | // $ Missing: Alert | Missing result: Alert |
| AddressOfNullCheck.c:88:38:88:56 | // $ Missing: Alert | Missing result: Alert |
| AddressOfNullCheck.c:102:38:102:56 | // $ Missing: Alert | Missing result: Alert |
| AddressOfNullCheck.c:151:34:151:77 | // $ Missing: Alert (every path leads to &x) | Missing result: Alert |
| AddressOfNullCheck.c:162:30:162:48 | // $ Missing: Alert | Missing result: Alert |
